
> app-lite@1.0.0 test:mobile C:\Users\maidn\WebstormProjects\app-lite
> jest --config ./packages/mobile/jest.config.js "packages/mobile/src/screens/auth/__tests__/RegisterScreen.test.tsx"

  console.error
    react-test-renderer is deprecated. See https://react.dev/warnings/react-test-renderer

    [0m [90m 33 |[39m   describe([32m'Basic Rendering'[39m[33m,[39m () [33m=>[39m {
     [90m 34 |[39m     it([32m'should render correctly with default PF fields'[39m[33m,[39m () [33m=>[39m {
    [31m[1m>[22m[39m[90m 35 |[39m       [36mconst[39m { getByTestId[33m,[39m queryByTestId } [33m=[39m render(
     [90m    |[39m                                                    [31m[1m^[22m[39m
     [90m 36 |[39m         [33m<[39m[33mRegisterScreen[39m navigation[33m=[39m{navigation [36mas[39m any} route[33m=[39m{route} [33m/[39m[33m>[39m
     [90m 37 |[39m       )[33m;[39m
     [90m 38 |[39m[0m

      at Object.<anonymous>.process.env.NODE_ENV.exports.create (../../node_modules/.pnpm/react-test-renderer@19.0.0_react@19.1.0/node_modules/react-test-renderer/cjs/react-test-renderer.development.js:14382:17)
      at create (../../node_modules/.pnpm/@testing-library+react-nati_75053649dcaaf49c3f29a79ac8e0db6b/node_modules/@testing-library/react-native/src/render-act.ts:14:29)
      at callback (../../node_modules/.pnpm/@testing-library+react-nati_75053649dcaaf49c3f29a79ac8e0db6b/node_modules/@testing-library/react-native/src/act.ts:31:24)
      at Object.<anonymous>.process.env.NODE_ENV.exports.act (../../node_modules/.pnpm/react@19.1.0/node_modules/react/cjs/react.development.js:789:22)
      at actImplementation (../../node_modules/.pnpm/@testing-library+react-nati_75053649dcaaf49c3f29a79ac8e0db6b/node_modules/@testing-library/react-native/src/act.ts:30:25)
      at renderWithAct (../../node_modules/.pnpm/@testing-library+react-nati_75053649dcaaf49c3f29a79ac8e0db6b/node_modules/@testing-library/react-native/src/render-act.ts:12:11)
      at detectHostComponentNames (../../node_modules/.pnpm/@testing-library+react-nati_75053649dcaaf49c3f29a79ac8e0db6b/node_modules/@testing-library/react-native/src/helpers/host-component-names.tsx:33:35)
      at detectHostComponentNames (../../node_modules/.pnpm/@testing-library+react-nati_75053649dcaaf49c3f29a79ac8e0db6b/node_modules/@testing-library/react-native/src/helpers/host-component-names.tsx:27:30)
      at renderInternal (../../node_modules/.pnpm/@testing-library+react-nati_75053649dcaaf49c3f29a79ac8e0db6b/node_modules/@testing-library/react-native/src/render.tsx:70:40)
      at renderInternal (../../node_modules/.pnpm/@testing-library+react-nati_75053649dcaaf49c3f29a79ac8e0db6b/node_modules/@testing-library/react-native/src/render.tsx:44:10)
      at Object.<anonymous> (src/screens/auth/__tests__/RegisterScreen.test.tsx:35:52)

  console.error
    react-test-renderer is deprecated. See https://react.dev/warnings/react-test-renderer

    [0m [90m 33 |[39m   describe([32m'Basic Rendering'[39m[33m,[39m () [33m=>[39m {
     [90m 34 |[39m     it([32m'should render correctly with default PF fields'[39m[33m,[39m () [33m=>[39m {
    [31m[1m>[22m[39m[90m 35 |[39m       [36mconst[39m { getByTestId[33m,[39m queryByTestId } [33m=[39m render(
     [90m    |[39m                                                    [31m[1m^[22m[39m
     [90m 36 |[39m         [33m<[39m[33mRegisterScreen[39m navigation[33m=[39m{navigation [36mas[39m any} route[33m=[39m{route} [33m/[39m[33m>[39m
     [90m 37 |[39m       )[33m;[39m
     [90m 38 |[39m[0m

      at Object.<anonymous>.process.env.NODE_ENV.exports.create (../../node_modules/.pnpm/react-test-renderer@19.0.0_react@19.1.0/node_modules/react-test-renderer/cjs/react-test-renderer.development.js:14382:17)
      at create (../../node_modules/.pnpm/@testing-library+react-nati_75053649dcaaf49c3f29a79ac8e0db6b/node_modules/@testing-library/react-native/src/render-act.ts:14:29)
      at callback (../../node_modules/.pnpm/@testing-library+react-nati_75053649dcaaf49c3f29a79ac8e0db6b/node_modules/@testing-library/react-native/src/act.ts:31:24)
      at Object.<anonymous>.process.env.NODE_ENV.exports.act (../../node_modules/.pnpm/react@19.1.0/node_modules/react/cjs/react.development.js:789:22)
      at actImplementation (../../node_modules/.pnpm/@testing-library+react-nati_75053649dcaaf49c3f29a79ac8e0db6b/node_modules/@testing-library/react-native/src/act.ts:30:25)
      at renderWithAct (../../node_modules/.pnpm/@testing-library+react-nati_75053649dcaaf49c3f29a79ac8e0db6b/node_modules/@testing-library/react-native/src/render-act.ts:12:11)
      at renderInternal (../../node_modules/.pnpm/@testing-library+react-nati_75053649dcaaf49c3f29a79ac8e0db6b/node_modules/@testing-library/react-native/src/render.tsx:81:33)
      at renderInternal (../../node_modules/.pnpm/@testing-library+react-nati_75053649dcaaf49c3f29a79ac8e0db6b/node_modules/@testing-library/react-native/src/render.tsx:44:10)
      at Object.<anonymous> (src/screens/auth/__tests__/RegisterScreen.test.tsx:35:52)

  console.error
    react-test-renderer is deprecated. See https://react.dev/warnings/react-test-renderer

    [0m [90m 55 |[39m
     [90m 56 |[39m     it([32m'should switch to PJ fields when PJ is selected'[39m[33m,[39m [36masync[39m () [33m=>[39m {
    [31m[1m>[22m[39m[90m 57 |[39m       [36mconst[39m { getByTestId[33m,[39m queryByTestId[33m,[39m findByTestId } [33m=[39m render(
     [90m    |[39m                                                                  [31m[1m^[22m[39m
     [90m 58 |[39m         [33m<[39m[33mRegisterScreen[39m navigation[33m=[39m{navigation [36mas[39m any} route[33m=[39m{route} [33m/[39m[33m>[39m
     [90m 59 |[39m       )[33m;[39m
     [90m 60 |[39m[0m

      at Object.<anonymous>.process.env.NODE_ENV.exports.create (../../node_modules/.pnpm/react-test-renderer@19.0.0_react@19.1.0/node_modules/react-test-renderer/cjs/react-test-renderer.development.js:14382:17)
      at create (../../node_modules/.pnpm/@testing-library+react-nati_75053649dcaaf49c3f29a79ac8e0db6b/node_modules/@testing-library/react-native/src/render-act.ts:14:29)
      at callback (../../node_modules/.pnpm/@testing-library+react-nati_75053649dcaaf49c3f29a79ac8e0db6b/node_modules/@testing-library/react-native/src/act.ts:31:24)
      at Object.<anonymous>.process.env.NODE_ENV.exports.act (../../node_modules/.pnpm/react@19.1.0/node_modules/react/cjs/react.development.js:789:22)
      at actImplementation (../../node_modules/.pnpm/@testing-library+react-nati_75053649dcaaf49c3f29a79ac8e0db6b/node_modules/@testing-library/react-native/src/act.ts:30:25)
      at renderWithAct (../../node_modules/.pnpm/@testing-library+react-nati_75053649dcaaf49c3f29a79ac8e0db6b/node_modules/@testing-library/react-native/src/render-act.ts:12:11)
      at renderInternal (../../node_modules/.pnpm/@testing-library+react-nati_75053649dcaaf49c3f29a79ac8e0db6b/node_modules/@testing-library/react-native/src/render.tsx:81:33)
      at renderInternal (../../node_modules/.pnpm/@testing-library+react-nati_75053649dcaaf49c3f29a79ac8e0db6b/node_modules/@testing-library/react-native/src/render.tsx:44:10)
      at Object.<anonymous> (src/screens/auth/__tests__/RegisterScreen.test.tsx:57:66)
      at asyncGeneratorStep (../../node_modules/.pnpm/@babel+runtime@7.28.4/node_modules/@babel/runtime/helpers/asyncToGenerator.js:3:17)
      at _next (../../node_modules/.pnpm/@babel+runtime@7.28.4/node_modules/@babel/runtime/helpers/asyncToGenerator.js:17:9)
      at ../../node_modules/.pnpm/@babel+runtime@7.28.4/node_modules/@babel/runtime/helpers/asyncToGenerator.js:22:7
      at Object.<anonymous> (../../node_modules/.pnpm/@babel+runtime@7.28.4/node_modules/@babel/runtime/helpers/asyncToGenerator.js:14:12)

  console.error
    react-test-renderer is deprecated. See https://react.dev/warnings/react-test-renderer

    [0m [90m 74 |[39m   describe([32m'Validation'[39m[33m,[39m () [33m=>[39m {
     [90m 75 |[39m     it([32m'shows required errors when submitting empty'[39m[33m,[39m [36masync[39m () [33m=>[39m {
    [31m[1m>[22m[39m[90m 76 |[39m       [36mconst[39m { getByTestId[33m,[39m findAllByText } [33m=[39m render(
     [90m    |[39m                                                    [31m[1m^[22m[39m
     [90m 77 |[39m         [33m<[39m[33mRegisterScreen[39m navigation[33m=[39m{navigation [36mas[39m any} route[33m=[39m{route} [33m/[39m[33m>[39m
     [90m 78 |[39m       )[33m;[39m
     [90m 79 |[39m[0m

      at Object.<anonymous>.process.env.NODE_ENV.exports.create (../../node_modules/.pnpm/react-test-renderer@19.0.0_react@19.1.0/node_modules/react-test-renderer/cjs/react-test-renderer.development.js:14382:17)
      at create (../../node_modules/.pnpm/@testing-library+react-nati_75053649dcaaf49c3f29a79ac8e0db6b/node_modules/@testing-library/react-native/src/render-act.ts:14:29)
      at callback (../../node_modules/.pnpm/@testing-library+react-nati_75053649dcaaf49c3f29a79ac8e0db6b/node_modules/@testing-library/react-native/src/act.ts:31:24)
      at Object.<anonymous>.process.env.NODE_ENV.exports.act (../../node_modules/.pnpm/react@19.1.0/node_modules/react/cjs/react.development.js:789:22)
      at actImplementation (../../node_modules/.pnpm/@testing-library+react-nati_75053649dcaaf49c3f29a79ac8e0db6b/node_modules/@testing-library/react-native/src/act.ts:30:25)
      at renderWithAct (../../node_modules/.pnpm/@testing-library+react-nati_75053649dcaaf49c3f29a79ac8e0db6b/node_modules/@testing-library/react-native/src/render-act.ts:12:11)
      at renderInternal (../../node_modules/.pnpm/@testing-library+react-nati_75053649dcaaf49c3f29a79ac8e0db6b/node_modules/@testing-library/react-native/src/render.tsx:81:33)
      at renderInternal (../../node_modules/.pnpm/@testing-library+react-nati_75053649dcaaf49c3f29a79ac8e0db6b/node_modules/@testing-library/react-native/src/render.tsx:44:10)
      at Object.<anonymous> (src/screens/auth/__tests__/RegisterScreen.test.tsx:76:52)
      at asyncGeneratorStep (../../node_modules/.pnpm/@babel+runtime@7.28.4/node_modules/@babel/runtime/helpers/asyncToGenerator.js:3:17)
      at _next (../../node_modules/.pnpm/@babel+runtime@7.28.4/node_modules/@babel/runtime/helpers/asyncToGenerator.js:17:9)
      at ../../node_modules/.pnpm/@babel+runtime@7.28.4/node_modules/@babel/runtime/helpers/asyncToGenerator.js:22:7
      at Object.<anonymous> (../../node_modules/.pnpm/@babel+runtime@7.28.4/node_modules/@babel/runtime/helpers/asyncToGenerator.js:14:12)

  console.error
    react-test-renderer is deprecated. See https://react.dev/warnings/react-test-renderer

    [0m [90m 93 |[39m       jest[33m.[39museFakeTimers()[33m;[39m
     [90m 94 |[39m
    [31m[1m>[22m[39m[90m 95 |[39m       [36mconst[39m { getByTestId } [33m=[39m render(
     [90m    |[39m                                     [31m[1m^[22m[39m
     [90m 96 |[39m         [33m<[39m[33mRegisterScreen[39m navigation[33m=[39m{navigation [36mas[39m any} route[33m=[39m{route} [33m/[39m[33m>[39m
     [90m 97 |[39m       )[33m;[39m
     [90m 98 |[39m[0m

      at Object.<anonymous>.process.env.NODE_ENV.exports.create (../../node_modules/.pnpm/react-test-renderer@19.0.0_react@19.1.0/node_modules/react-test-renderer/cjs/react-test-renderer.development.js:14382:17)
      at create (../../node_modules/.pnpm/@testing-library+react-nati_75053649dcaaf49c3f29a79ac8e0db6b/node_modules/@testing-library/react-native/src/render-act.ts:14:29)
      at callback (../../node_modules/.pnpm/@testing-library+react-nati_75053649dcaaf49c3f29a79ac8e0db6b/node_modules/@testing-library/react-native/src/act.ts:31:24)
      at Object.<anonymous>.process.env.NODE_ENV.exports.act (../../node_modules/.pnpm/react@19.1.0/node_modules/react/cjs/react.development.js:789:22)
      at actImplementation (../../node_modules/.pnpm/@testing-library+react-nati_75053649dcaaf49c3f29a79ac8e0db6b/node_modules/@testing-library/react-native/src/act.ts:30:25)
      at renderWithAct (../../node_modules/.pnpm/@testing-library+react-nati_75053649dcaaf49c3f29a79ac8e0db6b/node_modules/@testing-library/react-native/src/render-act.ts:12:11)
      at renderInternal (../../node_modules/.pnpm/@testing-library+react-nati_75053649dcaaf49c3f29a79ac8e0db6b/node_modules/@testing-library/react-native/src/render.tsx:81:33)
      at renderInternal (../../node_modules/.pnpm/@testing-library+react-nati_75053649dcaaf49c3f29a79ac8e0db6b/node_modules/@testing-library/react-native/src/render.tsx:44:10)
      at Object.<anonymous> (src/screens/auth/__tests__/RegisterScreen.test.tsx:95:37)
      at asyncGeneratorStep (../../node_modules/.pnpm/@babel+runtime@7.28.4/node_modules/@babel/runtime/helpers/asyncToGenerator.js:3:17)
      at _next (../../node_modules/.pnpm/@babel+runtime@7.28.4/node_modules/@babel/runtime/helpers/asyncToGenerator.js:17:9)
      at ../../node_modules/.pnpm/@babel+runtime@7.28.4/node_modules/@babel/runtime/helpers/asyncToGenerator.js:22:7
      at Object.<anonymous> (../../node_modules/.pnpm/@babel+runtime@7.28.4/node_modules/@babel/runtime/helpers/asyncToGenerator.js:14:12)

  console.error
    react-test-renderer is deprecated. See https://react.dev/warnings/react-test-renderer

    [0m [90m 117 |[39m   describe([32m'Navigation'[39m[33m,[39m () [33m=>[39m {
     [90m 118 |[39m     it([32m'navigates to Login when "Já tenho uma conta" is pressed'[39m[33m,[39m () [33m=>[39m {
    [31m[1m>[22m[39m[90m 119 |[39m       [36mconst[39m { getByTestId } [33m=[39m render(
     [90m     |[39m                                     [31m[1m^[22m[39m
     [90m 120 |[39m         [33m<[39m[33mRegisterScreen[39m navigation[33m=[39m{navigation [36mas[39m any} route[33m=[39m{route} [33m/[39m[33m>[39m
     [90m 121 |[39m       )[33m;[39m
     [90m 122 |[39m[0m

      at Object.<anonymous>.process.env.NODE_ENV.exports.create (../../node_modules/.pnpm/react-test-renderer@19.0.0_react@19.1.0/node_modules/react-test-renderer/cjs/react-test-renderer.development.js:14382:17)
      at create (../../node_modules/.pnpm/@testing-library+react-nati_75053649dcaaf49c3f29a79ac8e0db6b/node_modules/@testing-library/react-native/src/render-act.ts:14:29)
      at callback (../../node_modules/.pnpm/@testing-library+react-nati_75053649dcaaf49c3f29a79ac8e0db6b/node_modules/@testing-library/react-native/src/act.ts:31:24)
      at Object.<anonymous>.process.env.NODE_ENV.exports.act (../../node_modules/.pnpm/react@19.1.0/node_modules/react/cjs/react.development.js:789:22)
      at actImplementation (../../node_modules/.pnpm/@testing-library+react-nati_75053649dcaaf49c3f29a79ac8e0db6b/node_modules/@testing-library/react-native/src/act.ts:30:25)
      at renderWithAct (../../node_modules/.pnpm/@testing-library+react-nati_75053649dcaaf49c3f29a79ac8e0db6b/node_modules/@testing-library/react-native/src/render-act.ts:12:11)
      at renderInternal (../../node_modules/.pnpm/@testing-library+react-nati_75053649dcaaf49c3f29a79ac8e0db6b/node_modules/@testing-library/react-native/src/render.tsx:81:33)
      at renderInternal (../../node_modules/.pnpm/@testing-library+react-nati_75053649dcaaf49c3f29a79ac8e0db6b/node_modules/@testing-library/react-native/src/render.tsx:44:10)
      at Object.<anonymous> (src/screens/auth/__tests__/RegisterScreen.test.tsx:119:37)

node.exe : FAIL 
packages/mobile/src/screens/auth/__tests__/RegisterScreen.test.tsx
No C:\Program Files\nodejs\pnpm.ps1:16 caractere:5
+     & "$basedir/node$exe"  "$basedir/node_modules/corepack/dist/pnpm. ...
+     ~~~~~~~~~~~~~~~~~~~~~~~~~~~~~~~~~~~~~~~~~~~~~~~~~~~~~~~~~~~~~~~~~
    + CategoryInfo          : NotSpecified: (FAIL packages/m...Screen.test.tsx 
   :String) [], RemoteException
    + FullyQualifiedErrorId : NativeCommandError
 
  RegisterScreen
    Basic Rendering
      × should render correctly with default PF fields (107 ms)
      × should switch to PJ fields when PJ is selected (10 ms)
    Validation
      × shows required errors when submitting empty (18 ms)
    Success Flow
      × successfully registers a PF user (11 ms)
    Navigation
      × navigates to Login when "Já tenho uma conta" is pressed (6 ms)

  ● RegisterScreen › Basic Rendering › should render correctly with default PF 
fields

    Element type is invalid: expected a string (for built-in components) or a 
class/function (for composite components) but got: undefined. You likely 
forgot to export your component from the file it's defined in, or you might 
have mixed up default and named imports.

    Check the render method of `RegisterScreen`.

    [0m [90m 33 |[39m   describe([32m'Basic Rendering'[39m[33m,[39m () 
[33m=>[39m {
     [90m 34 |[39m     it([32m'should render correctly with default PF 
fields'[39m[33m,[39m () [33m=>[39m {
    [31m[1m>[22m[39m[90m 35 |[39m       [36mconst[39m { 
getByTestId[33m,[39m queryByTestId } [33m=[39m render(
     [90m    |[39m                                                    
[31m[1m^[22m[39m
     [90m 36 |[39m         [33m<[39m[33mRegisterScreen[39m 
navigation[33m=[39m{navigation [36mas[39m any} route[33m=[39m{route} 
[33m/[39m[33m>[39m
     [90m 37 |[39m       )[33m;[39m
     [90m 38 |[39m[0m

      at createFiberFromTypeAndProps (../../node_modules/.pnpm/react-test-rende
rer@19.0.0_react@19.1.0/node_modules/react-test-renderer/cjs/react-test-rendere
r.development.js:11889:28)
      at createFiberFromElement (../../node_modules/.pnpm/react-test-renderer@1
9.0.0_react@19.1.0/node_modules/react-test-renderer/cjs/react-test-renderer.dev
elopment.js:11903:14)
      at createChild (../../node_modules/.pnpm/react-test-renderer@19.0.0_react
@19.1.0/node_modules/react-test-renderer/cjs/react-test-renderer.development.js
:2631:26)
      at reconcileChildrenArray (../../node_modules/.pnpm/react-test-renderer@1
9.0.0_react@19.1.0/node_modules/react-test-renderer/cjs/react-test-renderer.dev
elopment.js:2960:25)
      at reconcileChildFibersImpl (../../node_modules/.pnpm/react-test-renderer
@19.0.0_react@19.1.0/node_modules/react-test-renderer/cjs/react-test-renderer.d
evelopment.js:3276:30)
      at ../../node_modules/.pnpm/react-test-renderer@19.0.0_react@19.1.0/node_
modules/react-test-renderer/cjs/react-test-renderer.development.js:3380:33
      at reconcileChildren (../../node_modules/.pnpm/react-test-renderer@19.0.0
_react@19.1.0/node_modules/react-test-renderer/cjs/react-test-renderer.developm
ent.js:5361:13)
      at beginWork (../../node_modules/.pnpm/react-test-renderer@19.0.0_react@1
9.1.0/node_modules/react-test-renderer/cjs/react-test-renderer.development.js:7
163:13)
      at runWithFiberInDEV (../../node_modules/.pnpm/react-test-renderer@19.0.0
_react@19.1.0/node_modules/react-test-renderer/cjs/react-test-renderer.developm
ent.js:540:16)
      at performUnitOfWork (../../node_modules/.pnpm/react-test-renderer@19.0.0
_react@19.1.0/node_modules/react-test-renderer/cjs/react-test-renderer.developm
ent.js:10925:22)
      at workLoopSync (../../node_modules/.pnpm/react-test-renderer@19.0.0_reac
t@19.1.0/node_modules/react-test-renderer/cjs/react-test-renderer.development.j
s:10763:41)
      at renderRootSync (../../node_modules/.pnpm/react-test-renderer@19.0.0_re
act@19.1.0/node_modules/react-test-renderer/cjs/react-test-renderer.development
.js:10744:11)
      at performWorkOnRoot (../../node_modules/.pnpm/react-test-renderer@19.0.0
_react@19.1.0/node_modules/react-test-renderer/cjs/react-test-renderer.developm
ent.js:10299:39)
      at performWorkOnRootViaSchedulerTask (../../node_modules/.pnpm/react-test
-renderer@19.0.0_react@19.1.0/node_modules/react-test-renderer/cjs/react-test-r
enderer.development.js:1879:7)
      at flushActQueue (../../node_modules/.pnpm/react@19.1.0/node_modules/reac
t/cjs/react.development.js:566:34)
      at Object.<anonymous>.process.env.NODE_ENV.exports.act (../../node_module
s/.pnpm/react@19.1.0/node_modules/react/cjs/react.development.js:859:10)
      at actImplementation (../../node_modules/.pnpm/@testing-library+react-nat
i_75053649dcaaf49c3f29a79ac8e0db6b/node_modules/@testing-library/react-native/s
rc/act.ts:30:25)
      at renderWithAct (../../node_modules/.pnpm/@testing-library+react-nati_75
053649dcaaf49c3f29a79ac8e0db6b/node_modules/@testing-library/react-native/src/r
ender-act.ts:12:11)
      at renderInternal (../../node_modules/.pnpm/@testing-library+react-nati_7
5053649dcaaf49c3f29a79ac8e0db6b/node_modules/@testing-library/react-native/src/
render.tsx:81:33)
      at renderInternal (../../node_modules/.pnpm/@testing-library+react-nati_7
5053649dcaaf49c3f29a79ac8e0db6b/node_modules/@testing-library/react-native/src/
render.tsx:44:10)
      at Object.<anonymous> 
(src/screens/auth/__tests__/RegisterScreen.test.tsx:35:52)

  ● RegisterScreen › Basic Rendering › should switch to PJ fields when PJ is 
selected

    Element type is invalid: expected a string (for built-in components) or a 
class/function (for composite components) but got: undefined. You likely 
forgot to export your component from the file it's defined in, or you might 
have mixed up default and named imports.

    Check the render method of `RegisterScreen`.

    [0m [90m 55 |[39m
     [90m 56 |[39m     it([32m'should switch to PJ fields when PJ is 
selected'[39m[33m,[39m [36masync[39m () [33m=>[39m {
    [31m[1m>[22m[39m[90m 57 |[39m       [36mconst[39m { 
getByTestId[33m,[39m queryByTestId[33m,[39m findByTestId } [33m=[39m 
render(
     [90m    |[39m                                                           
       [31m[1m^[22m[39m
     [90m 58 |[39m         [33m<[39m[33mRegisterScreen[39m 
navigation[33m=[39m{navigation [36mas[39m any} route[33m=[39m{route} 
[33m/[39m[33m>[39m
     [90m 59 |[39m       )[33m;[39m
     [90m 60 |[39m[0m

      at createFiberFromTypeAndProps (../../node_modules/.pnpm/react-test-rende
rer@19.0.0_react@19.1.0/node_modules/react-test-renderer/cjs/react-test-rendere
r.development.js:11889:28)
      at createFiberFromElement (../../node_modules/.pnpm/react-test-renderer@1
9.0.0_react@19.1.0/node_modules/react-test-renderer/cjs/react-test-renderer.dev
elopment.js:11903:14)
      at createChild (../../node_modules/.pnpm/react-test-renderer@19.0.0_react
@19.1.0/node_modules/react-test-renderer/cjs/react-test-renderer.development.js
:2631:26)
      at reconcileChildrenArray (../../node_modules/.pnpm/react-test-renderer@1
9.0.0_react@19.1.0/node_modules/react-test-renderer/cjs/react-test-renderer.dev
elopment.js:2960:25)
      at reconcileChildFibersImpl (../../node_modules/.pnpm/react-test-renderer
@19.0.0_react@19.1.0/node_modules/react-test-renderer/cjs/react-test-renderer.d
evelopment.js:3276:30)
      at ../../node_modules/.pnpm/react-test-renderer@19.0.0_react@19.1.0/node_
modules/react-test-renderer/cjs/react-test-renderer.development.js:3380:33
      at reconcileChildren (../../node_modules/.pnpm/react-test-renderer@19.0.0
_react@19.1.0/node_modules/react-test-renderer/cjs/react-test-renderer.developm
ent.js:5361:13)
      at beginWork (../../node_modules/.pnpm/react-test-renderer@19.0.0_react@1
9.1.0/node_modules/react-test-renderer/cjs/react-test-renderer.development.js:7
163:13)
      at runWithFiberInDEV (../../node_modules/.pnpm/react-test-renderer@19.0.0
_react@19.1.0/node_modules/react-test-renderer/cjs/react-test-renderer.developm
ent.js:540:16)
      at performUnitOfWork (../../node_modules/.pnpm/react-test-renderer@19.0.0
_react@19.1.0/node_modules/react-test-renderer/cjs/react-test-renderer.developm
ent.js:10925:22)
      at workLoopSync (../../node_modules/.pnpm/react-test-renderer@19.0.0_reac
t@19.1.0/node_modules/react-test-renderer/cjs/react-test-renderer.development.j
s:10763:41)
      at renderRootSync (../../node_modules/.pnpm/react-test-renderer@19.0.0_re
act@19.1.0/node_modules/react-test-renderer/cjs/react-test-renderer.development
.js:10744:11)
      at performWorkOnRoot (../../node_modules/.pnpm/react-test-renderer@19.0.0
_react@19.1.0/node_modules/react-test-renderer/cjs/react-test-renderer.developm
ent.js:10299:39)
      at performWorkOnRootViaSchedulerTask (../../node_modules/.pnpm/react-test
-renderer@19.0.0_react@19.1.0/node_modules/react-test-renderer/cjs/react-test-r
enderer.development.js:1879:7)
      at flushActQueue (../../node_modules/.pnpm/react@19.1.0/node_modules/reac
t/cjs/react.development.js:566:34)
      at Object.<anonymous>.process.env.NODE_ENV.exports.act (../../node_module
s/.pnpm/react@19.1.0/node_modules/react/cjs/react.development.js:859:10)
      at actImplementation (../../node_modules/.pnpm/@testing-library+react-nat
i_75053649dcaaf49c3f29a79ac8e0db6b/node_modules/@testing-library/react-native/s
rc/act.ts:30:25)
      at renderWithAct (../../node_modules/.pnpm/@testing-library+react-nati_75
053649dcaaf49c3f29a79ac8e0db6b/node_modules/@testing-library/react-native/src/r
ender-act.ts:12:11)
      at renderInternal (../../node_modules/.pnpm/@testing-library+react-nati_7
5053649dcaaf49c3f29a79ac8e0db6b/node_modules/@testing-library/react-native/src/
render.tsx:81:33)
      at renderInternal (../../node_modules/.pnpm/@testing-library+react-nati_7
5053649dcaaf49c3f29a79ac8e0db6b/node_modules/@testing-library/react-native/src/
render.tsx:44:10)
      at Object.<anonymous> 
(src/screens/auth/__tests__/RegisterScreen.test.tsx:57:66)
      at asyncGeneratorStep (../../node_modules/.pnpm/@babel+runtime@7.28.4/nod
e_modules/@babel/runtime/helpers/asyncToGenerator.js:3:17)
      at _next (../../node_modules/.pnpm/@babel+runtime@7.28.4/node_modules/@ba
bel/runtime/helpers/asyncToGenerator.js:17:9)
      at ../../node_modules/.pnpm/@babel+runtime@7.28.4/node_modules/@babel/run
time/helpers/asyncToGenerator.js:22:7
      at Object.<anonymous> (../../node_modules/.pnpm/@babel+runtime@7.28.4/nod
e_modules/@babel/runtime/helpers/asyncToGenerator.js:14:12)

  ● RegisterScreen › Validation › shows required errors when submitting empty

    Element type is invalid: expected a string (for built-in components) or a 
class/function (for composite components) but got: undefined. You likely 
forgot to export your component from the file it's defined in, or you might 
have mixed up default and named imports.

    Check the render method of `RegisterScreen`.

    [0m [90m 74 |[39m   describe([32m'Validation'[39m[33m,[39m () 
[33m=>[39m {
     [90m 75 |[39m     it([32m'shows required errors when submitting 
empty'[39m[33m,[39m [36masync[39m () [33m=>[39m {
    [31m[1m>[22m[39m[90m 76 |[39m       [36mconst[39m { 
getByTestId[33m,[39m findAllByText } [33m=[39m render(
     [90m    |[39m                                                    
[31m[1m^[22m[39m
     [90m 77 |[39m         [33m<[39m[33mRegisterScreen[39m 
navigation[33m=[39m{navigation [36mas[39m any} route[33m=[39m{route} 
[33m/[39m[33m>[39m
     [90m 78 |[39m       )[33m;[39m
     [90m 79 |[39m[0m

      at createFiberFromTypeAndProps (../../node_modules/.pnpm/react-test-rende
rer@19.0.0_react@19.1.0/node_modules/react-test-renderer/cjs/react-test-rendere
r.development.js:11889:28)
      at createFiberFromElement (../../node_modules/.pnpm/react-test-renderer@1
9.0.0_react@19.1.0/node_modules/react-test-renderer/cjs/react-test-renderer.dev
elopment.js:11903:14)
      at createChild (../../node_modules/.pnpm/react-test-renderer@19.0.0_react
@19.1.0/node_modules/react-test-renderer/cjs/react-test-renderer.development.js
:2631:26)
      at reconcileChildrenArray (../../node_modules/.pnpm/react-test-renderer@1
9.0.0_react@19.1.0/node_modules/react-test-renderer/cjs/react-test-renderer.dev
elopment.js:2960:25)
      at reconcileChildFibersImpl (../../node_modules/.pnpm/react-test-renderer
@19.0.0_react@19.1.0/node_modules/react-test-renderer/cjs/react-test-renderer.d
evelopment.js:3276:30)
      at ../../node_modules/.pnpm/react-test-renderer@19.0.0_react@19.1.0/node_
modules/react-test-renderer/cjs/react-test-renderer.development.js:3380:33
      at reconcileChildren (../../node_modules/.pnpm/react-test-renderer@19.0.0
_react@19.1.0/node_modules/react-test-renderer/cjs/react-test-renderer.developm
ent.js:5361:13)
      at beginWork (../../node_modules/.pnpm/react-test-renderer@19.0.0_react@1
9.1.0/node_modules/react-test-renderer/cjs/react-test-renderer.development.js:7
163:13)
      at runWithFiberInDEV (../../node_modules/.pnpm/react-test-renderer@19.0.0
_react@19.1.0/node_modules/react-test-renderer/cjs/react-test-renderer.developm
ent.js:540:16)
      at performUnitOfWork (../../node_modules/.pnpm/react-test-renderer@19.0.0
_react@19.1.0/node_modules/react-test-renderer/cjs/react-test-renderer.developm
ent.js:10925:22)
      at workLoopSync (../../node_modules/.pnpm/react-test-renderer@19.0.0_reac
t@19.1.0/node_modules/react-test-renderer/cjs/react-test-renderer.development.j
s:10763:41)
      at renderRootSync (../../node_modules/.pnpm/react-test-renderer@19.0.0_re
act@19.1.0/node_modules/react-test-renderer/cjs/react-test-renderer.development
.js:10744:11)
      at performWorkOnRoot (../../node_modules/.pnpm/react-test-renderer@19.0.0
_react@19.1.0/node_modules/react-test-renderer/cjs/react-test-renderer.developm
ent.js:10299:39)
      at performWorkOnRootViaSchedulerTask (../../node_modules/.pnpm/react-test
-renderer@19.0.0_react@19.1.0/node_modules/react-test-renderer/cjs/react-test-r
enderer.development.js:1879:7)
      at flushActQueue (../../node_modules/.pnpm/react@19.1.0/node_modules/reac
t/cjs/react.development.js:566:34)
      at Object.<anonymous>.process.env.NODE_ENV.exports.act (../../node_module
s/.pnpm/react@19.1.0/node_modules/react/cjs/react.development.js:859:10)
      at actImplementation (../../node_modules/.pnpm/@testing-library+react-nat
i_75053649dcaaf49c3f29a79ac8e0db6b/node_modules/@testing-library/react-native/s
rc/act.ts:30:25)
      at renderWithAct (../../node_modules/.pnpm/@testing-library+react-nati_75
053649dcaaf49c3f29a79ac8e0db6b/node_modules/@testing-library/react-native/src/r
ender-act.ts:12:11)
      at renderInternal (../../node_modules/.pnpm/@testing-library+react-nati_7
5053649dcaaf49c3f29a79ac8e0db6b/node_modules/@testing-library/react-native/src/
render.tsx:81:33)
      at renderInternal (../../node_modules/.pnpm/@testing-library+react-nati_7
5053649dcaaf49c3f29a79ac8e0db6b/node_modules/@testing-library/react-native/src/
render.tsx:44:10)
      at Object.<anonymous> 
(src/screens/auth/__tests__/RegisterScreen.test.tsx:76:52)
      at asyncGeneratorStep (../../node_modules/.pnpm/@babel+runtime@7.28.4/nod
e_modules/@babel/runtime/helpers/asyncToGenerator.js:3:17)
      at _next (../../node_modules/.pnpm/@babel+runtime@7.28.4/node_modules/@ba
bel/runtime/helpers/asyncToGenerator.js:17:9)
      at ../../node_modules/.pnpm/@babel+runtime@7.28.4/node_modules/@babel/run
time/helpers/asyncToGenerator.js:22:7
      at Object.<anonymous> (../../node_modules/.pnpm/@babel+runtime@7.28.4/nod
e_modules/@babel/runtime/helpers/asyncToGenerator.js:14:12)

  ● RegisterScreen › Success Flow › successfully registers a PF user

    Element type is invalid: expected a string (for built-in components) or a 
class/function (for composite components) but got: undefined. You likely 
forgot to export your component from the file it's defined in, or you might 
have mixed up default and named imports.

    Check the render method of `RegisterScreen`.

    [0m [90m 93 |[39m       jest[33m.[39museFakeTimers()[33m;[39m
     [90m 94 |[39m
    [31m[1m>[22m[39m[90m 95 |[39m       [36mconst[39m { getByTestId } 
[33m=[39m render(
     [90m    |[39m                                     [31m[1m^[22m[39m
     [90m 96 |[39m         [33m<[39m[33mRegisterScreen[39m 
navigation[33m=[39m{navigation [36mas[39m any} route[33m=[39m{route} 
[33m/[39m[33m>[39m
     [90m 97 |[39m       )[33m;[39m
     [90m 98 |[39m[0m

      at createFiberFromTypeAndProps (../../node_modules/.pnpm/react-test-rende
rer@19.0.0_react@19.1.0/node_modules/react-test-renderer/cjs/react-test-rendere
r.development.js:11889:28)
      at createFiberFromElement (../../node_modules/.pnpm/react-test-renderer@1
9.0.0_react@19.1.0/node_modules/react-test-renderer/cjs/react-test-renderer.dev
elopment.js:11903:14)
      at createChild (../../node_modules/.pnpm/react-test-renderer@19.0.0_react
@19.1.0/node_modules/react-test-renderer/cjs/react-test-renderer.development.js
:2631:26)
      at reconcileChildrenArray (../../node_modules/.pnpm/react-test-renderer@1
9.0.0_react@19.1.0/node_modules/react-test-renderer/cjs/react-test-renderer.dev
elopment.js:2960:25)
      at reconcileChildFibersImpl (../../node_modules/.pnpm/react-test-renderer
@19.0.0_react@19.1.0/node_modules/react-test-renderer/cjs/react-test-renderer.d
evelopment.js:3276:30)
      at ../../node_modules/.pnpm/react-test-renderer@19.0.0_react@19.1.0/node_
modules/react-test-renderer/cjs/react-test-renderer.development.js:3380:33
      at reconcileChildren (../../node_modules/.pnpm/react-test-renderer@19.0.0
_react@19.1.0/node_modules/react-test-renderer/cjs/react-test-renderer.developm
ent.js:5361:13)
      at beginWork (../../node_modules/.pnpm/react-test-renderer@19.0.0_react@1
9.1.0/node_modules/react-test-renderer/cjs/react-test-renderer.development.js:7
163:13)
      at runWithFiberInDEV (../../node_modules/.pnpm/react-test-renderer@19.0.0
_react@19.1.0/node_modules/react-test-renderer/cjs/react-test-renderer.developm
ent.js:540:16)
      at performUnitOfWork (../../node_modules/.pnpm/react-test-renderer@19.0.0
_react@19.1.0/node_modules/react-test-renderer/cjs/react-test-renderer.developm
ent.js:10925:22)
      at workLoopSync (../../node_modules/.pnpm/react-test-renderer@19.0.0_reac
t@19.1.0/node_modules/react-test-renderer/cjs/react-test-renderer.development.j
s:10763:41)
      at renderRootSync (../../node_modules/.pnpm/react-test-renderer@19.0.0_re
act@19.1.0/node_modules/react-test-renderer/cjs/react-test-renderer.development
.js:10744:11)
      at performWorkOnRoot (../../node_modules/.pnpm/react-test-renderer@19.0.0
_react@19.1.0/node_modules/react-test-renderer/cjs/react-test-renderer.developm
ent.js:10299:39)
      at performWorkOnRootViaSchedulerTask (../../node_modules/.pnpm/react-test
-renderer@19.0.0_react@19.1.0/node_modules/react-test-renderer/cjs/react-test-r
enderer.development.js:1879:7)
      at flushActQueue (../../node_modules/.pnpm/react@19.1.0/node_modules/reac
t/cjs/react.development.js:566:34)
      at Object.<anonymous>.process.env.NODE_ENV.exports.act (../../node_module
s/.pnpm/react@19.1.0/node_modules/react/cjs/react.development.js:859:10)
      at actImplementation (../../node_modules/.pnpm/@testing-library+react-nat
i_75053649dcaaf49c3f29a79ac8e0db6b/node_modules/@testing-library/react-native/s
rc/act.ts:30:25)
      at renderWithAct (../../node_modules/.pnpm/@testing-library+react-nati_75
053649dcaaf49c3f29a79ac8e0db6b/node_modules/@testing-library/react-native/src/r
ender-act.ts:12:11)
      at renderInternal (../../node_modules/.pnpm/@testing-library+react-nati_7
5053649dcaaf49c3f29a79ac8e0db6b/node_modules/@testing-library/react-native/src/
render.tsx:81:33)
      at renderInternal (../../node_modules/.pnpm/@testing-library+react-nati_7
5053649dcaaf49c3f29a79ac8e0db6b/node_modules/@testing-library/react-native/src/
render.tsx:44:10)
      at Object.<anonymous> 
(src/screens/auth/__tests__/RegisterScreen.test.tsx:95:37)
      at asyncGeneratorStep (../../node_modules/.pnpm/@babel+runtime@7.28.4/nod
e_modules/@babel/runtime/helpers/asyncToGenerator.js:3:17)
      at _next (../../node_modules/.pnpm/@babel+runtime@7.28.4/node_modules/@ba
bel/runtime/helpers/asyncToGenerator.js:17:9)
      at ../../node_modules/.pnpm/@babel+runtime@7.28.4/node_modules/@babel/run
time/helpers/asyncToGenerator.js:22:7
      at Object.<anonymous> (../../node_modules/.pnpm/@babel+runtime@7.28.4/nod
e_modules/@babel/runtime/helpers/asyncToGenerator.js:14:12)

  ● RegisterScreen › Navigation › navigates to Login when "Já tenho uma conta" 
is pressed

    Element type is invalid: expected a string (for built-in components) or a 
class/function (for composite components) but got: undefined. You likely 
forgot to export your component from the file it's defined in, or you might 
have mixed up default and named imports.

    Check the render method of `RegisterScreen`.

    [0m [90m 117 |[39m   describe([32m'Navigation'[39m[33m,[39m () 
[33m=>[39m {
     [90m 118 |[39m     it([32m'navigates to Login when "Já tenho uma 
conta" is pressed'[39m[33m,[39m () [33m=>[39m {
    [31m[1m>[22m[39m[90m 119 |[39m       [36mconst[39m { getByTestId } 
[33m=[39m render(
     [90m     |[39m                                     [31m[1m^[22m[39m
     [90m 120 |[39m         [33m<[39m[33mRegisterScreen[39m 
navigation[33m=[39m{navigation [36mas[39m any} route[33m=[39m{route} 
[33m/[39m[33m>[39m
     [90m 121 |[39m       )[33m;[39m
     [90m 122 |[39m[0m

      at createFiberFromTypeAndProps (../../node_modules/.pnpm/react-test-rende
rer@19.0.0_react@19.1.0/node_modules/react-test-renderer/cjs/react-test-rendere
r.development.js:11889:28)
      at createFiberFromElement (../../node_modules/.pnpm/react-test-renderer@1
9.0.0_react@19.1.0/node_modules/react-test-renderer/cjs/react-test-renderer.dev
elopment.js:11903:14)
      at createChild (../../node_modules/.pnpm/react-test-renderer@19.0.0_react
@19.1.0/node_modules/react-test-renderer/cjs/react-test-renderer.development.js
:2631:26)
      at reconcileChildrenArray (../../node_modules/.pnpm/react-test-renderer@1
9.0.0_react@19.1.0/node_modules/react-test-renderer/cjs/react-test-renderer.dev
elopment.js:2960:25)
      at reconcileChildFibersImpl (../../node_modules/.pnpm/react-test-renderer
@19.0.0_react@19.1.0/node_modules/react-test-renderer/cjs/react-test-renderer.d
evelopment.js:3276:30)
      at ../../node_modules/.pnpm/react-test-renderer@19.0.0_react@19.1.0/node_
modules/react-test-renderer/cjs/react-test-renderer.development.js:3380:33
      at reconcileChildren (../../node_modules/.pnpm/react-test-renderer@19.0.0
_react@19.1.0/node_modules/react-test-renderer/cjs/react-test-renderer.developm
ent.js:5361:13)
      at beginWork (../../node_modules/.pnpm/react-test-renderer@19.0.0_react@1
9.1.0/node_modules/react-test-renderer/cjs/react-test-renderer.development.js:7
163:13)
      at runWithFiberInDEV (../../node_modules/.pnpm/react-test-renderer@19.0.0
_react@19.1.0/node_modules/react-test-renderer/cjs/react-test-renderer.developm
ent.js:540:16)
      at performUnitOfWork (../../node_modules/.pnpm/react-test-renderer@19.0.0
_react@19.1.0/node_modules/react-test-renderer/cjs/react-test-renderer.developm
ent.js:10925:22)
      at workLoopSync (../../node_modules/.pnpm/react-test-renderer@19.0.0_reac
t@19.1.0/node_modules/react-test-renderer/cjs/react-test-renderer.development.j
s:10763:41)
      at renderRootSync (../../node_modules/.pnpm/react-test-renderer@19.0.0_re
act@19.1.0/node_modules/react-test-renderer/cjs/react-test-renderer.development
.js:10744:11)
      at performWorkOnRoot (../../node_modules/.pnpm/react-test-renderer@19.0.0
_react@19.1.0/node_modules/react-test-renderer/cjs/react-test-renderer.developm
ent.js:10299:39)
      at performWorkOnRootViaSchedulerTask (../../node_modules/.pnpm/react-test
-renderer@19.0.0_react@19.1.0/node_modules/react-test-renderer/cjs/react-test-r
enderer.development.js:1879:7)
      at flushActQueue (../../node_modules/.pnpm/react@19.1.0/node_modules/reac
t/cjs/react.development.js:566:34)
      at Object.<anonymous>.process.env.NODE_ENV.exports.act (../../node_module
s/.pnpm/react@19.1.0/node_modules/react/cjs/react.development.js:859:10)
      at actImplementation (../../node_modules/.pnpm/@testing-library+react-nat
i_75053649dcaaf49c3f29a79ac8e0db6b/node_modules/@testing-library/react-native/s
rc/act.ts:30:25)
      at renderWithAct (../../node_modules/.pnpm/@testing-library+react-nati_75
053649dcaaf49c3f29a79ac8e0db6b/node_modules/@testing-library/react-native/src/r
ender-act.ts:12:11)
      at renderInternal (../../node_modules/.pnpm/@testing-library+react-nati_7
5053649dcaaf49c3f29a79ac8e0db6b/node_modules/@testing-library/react-native/src/
render.tsx:81:33)
      at renderInternal (../../node_modules/.pnpm/@testing-library+react-nati_7
5053649dcaaf49c3f29a79ac8e0db6b/node_modules/@testing-library/react-native/src/
render.tsx:44:10)
      at Object.<anonymous> 
(src/screens/auth/__tests__/RegisterScreen.test.tsx:119:37)

Test Suites: 1 failed, 1 total
Tests:       5 failed, 5 total
Snapshots:   0 total
Time:        1.35 s, estimated 3 s
Ran all test suites matching 
/packages\\mobile\\src\\screens\\auth\\__tests__\\RegisterScreen.test.tsx/i.
 ELIFECYCLE  Command failed with exit code 1.
